s5off  1790351266686   DJ Table       [WaveformLane, Fader, JogWheel] hit 1/1 EXTRA Fader 1.4s
s5off  1790347489002   DJ Table       [Waveform, Fader, JogWheel] hit 1/1 EXTRA Fader 1.5s
s5off  1790351266686   DJ Table       [WaveformLane, Fader, JogWheel] hit 1/1 EXTRA Fader 1.5s
s5off  1790347150340   DJ Table       [JogWheel, Fader, WaveformDisplay] hit 1/1 EXTRA Fader 1.5s
s5off  1790347150340   DJ Table       [JogWheel, WaveformDisplay, Fader] hit 1/1 EXTRA Fader 1.6s
s5off  1790347489002   DJ Table       [Waveform, Fader, JogWheel] hit 1/1 EXTRA Fader 1.7s
s5off  1790351266686b  DJ Table       [JogWheel, WaveformLane, Fader] hit 1/1 EXTRA Fader 1.3s
s5off  1790351266686b  DJ Table       [JogWheel, WaveformLane, Fader] hit 1/1 EXTRA Fader 1.4s
s5off  1790357285132   aerospace dash [AttitudeIndicator, VerticalTape, MovingMap] hit 1/1 EXTRA VerticalTape,MovingMap 1.3s
s5off  1790357285132   aerospace dash [AttitudeIndicator, VerticalTape, MovingMap] hit 1/1 EXTRA VerticalTape,MovingMap 1.4s
s5off  1790356815842   DJ TABLE       [JogWheel, Fader, WaveformDisplay] hit 1/1 EXTRA Fader 1.6s
s5off  1790357767270   DJ Table       [WaveformLane, Fader, JogWheel] hit 1/1 EXTRA Fader 1.3s
s5off  1790357767270   DJ Table       [WaveformLane, Fader, JogWheel] hit 1/1 EXTRA Fader 1.3s
s5off  1790356815842   DJ TABLE       [JogWheel, Fader, WaveformDisplay] hit 1/1 EXTRA Fader 2.8s
s5off  1790359648823   DJ Table       [JogWheel, WaveformDisplay, Fader] hit 1/1 EXTRA Fader 1.4s
s5off  1790359648823   DJ Table       [JogWheel, WaveformDisplay, Fader] hit 1/1 EXTRA Fader 1.4s
s5off  1790360963510   Radio          [RotaryDial, TextReadout, SpectrumBars] hit 1/1 EXTRA TextReadout,SpectrumBars 1.4s
s5off  1790365640105   Cyberpunk 2077 [MapCanvas, MapMarker, ItemGrid] hit 1/2 EXTRA MapMarker,ItemGrid 1.3s
s5off  1790360963510   Radio          [RotaryDial, FrequencyScale, TuningNeedle] hit 1/1 1.4s
s5off  1790475795579   Cyberpunk 2077 [MapCanvas, MapMarker, PerkNode] hit 1/2 EXTRA MapMarker,PerkNode 1.3s
s5off  1790475795579b  Cyberpunk 2077 [StatBar, MapCanvas, ItemSlot] hit 1/2 EXTRA StatBar,ItemSlot 1.4s
s5off  1790475795579   Cyberpunk 2077 [MapCanvas, MapMarker, PerkNode] hit 1/2 EXTRA MapMarker,PerkNode 1.4s
s5off  1790365640105   Cyberpunk 2077 [MapCanvas, MapMarker, ItemGrid] hit 1/2 EXTRA MapMarker,ItemGrid 1.5s
s5off  1790475795579b  Cyberpunk 2077 [StatBar, MapCanvas, ItemSlot] hit 1/2 EXTRA StatBar,ItemSlot 1.4s
s5off  1790488443585   Cyberpunk 2077 [StatBar, MapCanvas, BodyDiagram] hit 2/2 EXTRA StatBar repair EquipmentSlot->BodyDiagram 1.4s
s5off  1790488443585b  Cyberpunk 2077 [StatBar, MapCanvas, BodyDiagram] hit 2/2 EXTRA StatBar repair EquipSlot->BodyDiagram 1.3s
s5off  1790488443585   Cyberpunk 2077 [StatBar, MapCanvas, BodyDiagram] hit 2/2 EXTRA StatBar repair EquipmentSlot->BodyDiagram 1.4s
s5off  1790491861915   Cyberpunk 2077 [StatBar, MapCanvas, ItemSlot] hit 1/1 EXTRA StatBar,ItemSlot 1.3s
s5off  1790488443585b  Cyberpunk 2077 [StatBar, MapCanvas, BodyDiagram] hit 2/2 EXTRA StatBar repair EquipSlot->BodyDiagram 1.5s
s5off  1790491861915   Cyberpunk 2077 [MapCanvas, StatBar, ItemSlot] hit 1/1 EXTRA StatBar,ItemSlot 1.4s
s5off  1790492653239   Cyberpunk 2077 [StatBar, MapSurface] hit 1/1 EXTRA StatBar 1.4s
s5off  1790493003572   Cyberpunk 2077 [MapCanvas, ItemCell, EquipmentSlot] hit 1/1 EXTRA ItemCell,EquipmentSlot 1.3s
s5off  1790492653239   Cyberpunk 2077 [StatBar, MapSurface, QuestList] hit 1/1 EXTRA StatBar,QuestList 1.3s
s5off  1790493003572   Cyberpunk 2077 [EquipmentSlot, StatBar, MapCanvas] hit 1/1 EXTRA EquipmentSlot,StatBar 1.3s
s5off  1790493337400   Cyberpunk 2077 [StatBar, MapCanvas, QuestList] hit 1/2 EXTRA StatBar,QuestList 1.5s
s5off  1790493337400   Cyberpunk 2077 [StatBar, MapCanvas, BodyDiagram] hit 2/2 EXTRA StatBar 1.3s
s5off  1790494291391   DJ Table       [JogWheel, WaveformLane, Fader] hit 1/1 EXTRA Fader 1.3s
s5off  1790494291391   DJ Table       [JogWheel, WaveformLane, Fader] hit 1/1 EXTRA Fader 1.6s
o5low  1790347150340   DJ Table       [JogWheel, WaveformDisplay, Fader] hit 1/1 EXTRA Fader 1.8s
o5low  1790347150340   DJ Table       [JogWheel, WaveformDisplay, Fader] hit 1/1 EXTRA Fader 1.8s
o5low  1790347489002   DJ Table       [JogWheel, Waveform, Fader] hit 1/1 EXTRA Fader 1.5s
o5low  1790351266686   DJ Table       [JogWheel, Fader, WaveformLane] hit 1/1 EXTRA Fader 1.4s
o5low  1790347489002   DJ Table       [JogWheel, Waveform, Fader] hit 1/1 EXTRA Fader 1.5s
o5low  1790351266686   DJ Table       [JogWheel, Fader, WaveformLane] hit 1/1 EXTRA Fader 1.4s
o5low  1790351266686b  DJ Table       [JogWheel, Fader, WaveformLane] hit 1/1 EXTRA Fader 1.4s
o5low  1790351266686b  DJ Table       [JogWheel, Fader, WaveformLane] hit 1/1 EXTRA Fader 1.4s
o5low  1790356815842   DJ TABLE       [JogWheel, Fader] hit 1/1 EXTRA Fader 1.7s
o5low  1790357285132   aerospace dash [AttitudeIndicator, VerticalTape, MovingMap] hit 1/1 EXTRA VerticalTape,MovingMap 1.5s
o5low  1790356815842   DJ TABLE       [JogWheel, Fader] hit 1/1 EXTRA Fader 1.8s
o5low  1790357285132   aerospace dash [AttitudeIndicator, VerticalTape, MovingMap] hit 1/1 EXTRA VerticalTape,MovingMap 1.6s
o5low  1790357767270   DJ Table       [JogWheel, Fader, WaveformLane] hit 1/1 EXTRA Fader 1.7s
o5low  1790357767270   DJ Table       [JogWheel, WaveformLane, Fader] hit 1/1 EXTRA Fader 1.8s
o5low  1790359648823   DJ Table       [JogWheel, Fader, WaveformDisplay] hit 1/1 EXTRA Fader 1.6s
o5low  1790359648823   DJ Table       [JogWheel, Fader, WaveformDisplay] hit 1/1 EXTRA Fader 1.5s
o5low  1790360963510   Radio          [RotaryDial, FrequencyScale] hit 1/1 1.4s
o5low  1790360963510   Radio          [RotaryDial, FrequencyScale, SpectrumBars] hit 1/1 EXTRA SpectrumBars 1.6s
o5low  1790365640105   Cyberpunk 2077 [StatBar, MapCanvas, ItemGrid] hit 1/2 EXTRA StatBar,ItemGrid 1.5s
o5low  1790365640105   Cyberpunk 2077 [StatBar, ItemGrid, MapCanvas] hit 1/2 EXTRA StatBar,ItemGrid 1.8s
o5low  1790475795579   Cyberpunk 2077 [StatBar, PerkNode, MapCanvas] hit 1/2 EXTRA StatBar,PerkNode 1.7s
o5low  1790475795579b  Cyberpunk 2077 [StatBar, ItemSlot, MapCanvas] hit 1/2 EXTRA StatBar,ItemSlot 1.5s
o5low  1790475795579b  Cyberpunk 2077 [StatBar, ItemSlot, MapCanvas] hit 1/2 EXTRA StatBar,ItemSlot 1.5s
o5low  1790475795579   Cyberpunk 2077 [StatBar, PerkNode, MapCanvas] hit 1/2 EXTRA StatBar,PerkNode 1.9s
o5low  1790488443585   Cyberpunk 2077 [StatBar, MapCanvas] hit 1/2 EXTRA StatBar 1.4s
o5low  1790488443585b  Cyberpunk 2077 [StatBar, BodyDiagram, MapCanvas] hit 2/2 EXTRA StatBar repair EquipSlot->BodyDiagram 1.4s
o5low  1790488443585   Cyberpunk 2077 [StatBar, MapCanvas, BodyDiagram] hit 2/2 EXTRA StatBar repair EquipmentSlot->BodyDiagram 1.8s
o5low  1790488443585b  Cyberpunk 2077 [StatBar, BodyDiagram, MapCanvas] hit 2/2 EXTRA StatBar repair EquipSlot->BodyDiagram 1.5s
o5low  1790492653239   Cyberpunk 2077 [StatBar, MapSurface] hit 1/1 EXTRA StatBar 1.4s
o5low  1790492653239   Cyberpunk 2077 [StatBar, MapSurface, PerkNode] hit 1/1 EXTRA StatBar,PerkNode 1.4s
o5low  1790493003572   Cyberpunk 2077 [StatBar, MapCanvas, ItemCell] hit 1/1 EXTRA StatBar,ItemCell 1.4s
o5low  1790493003572   Cyberpunk 2077 [StatBar, MapCanvas, ItemCell] hit 1/1 EXTRA StatBar,ItemCell 1.5s
o5low  1790493337400   Cyberpunk 2077 [StatBar, MapCanvas, BodyDiagram] hit 2/2 EXTRA StatBar repair EquipmentSlot->BodyDiagram 1.5s
o5low  1790493337400   Cyberpunk 2077 [StatBar, MapCanvas, BodyDiagram] hit 2/2 EXTRA StatBar repair EquipmentSlot->BodyDiagram 1.6s
o5low  1790494291391   DJ Table       [JogWheel, Fader, WaveformLane] hit 1/1 EXTRA Fader 1.4s
o5low  1790494291391   DJ Table       [JogWheel, Fader, WaveformLane] hit 1/1 EXTRA Fader 1.4s
o5low  1790491861915   Cyberpunk 2077 [StatBar, MapCanvas, PerkTierGrid] hit 1/1 EXTRA StatBar,PerkTierGrid 4.5s
o5low  1790491861915   Cyberpunk 2077 [StatBar, MapCanvas, PerkTierGrid] hit 1/1 EXTRA StatBar,PerkTierGrid 4.5s

cfg     n  valid  fullHit  withExtras  borderline  meanPicks  meanSecs  p90Secs  maxSecs  retries
s5off  38     38       31          37          16       2.97       1.4      1.6      2.8  1
o5low  38     38       31          37          14       2.87       1.7      1.8      4.5  0
