hoist 66s  5727 out  valid=true  types=19
  CharacterPortrait {"src":"string","animated?":"boolean","state?":"'idle' | 'alert' | 'damaged'"}
  StatBar          {"value":"number","min":"number","max":"number","segments?":"number","showValue?":"boolean","tone?":"'neutral' | 'accent' | 'danger' | 'success'"}
  StatusEffectStrip {"effects":"{ id: string; label: string; icon?: string; duration?: number; stacks?: number; polarity?: 'buff' | 'debuff' }[]","onHover?":"(id: string | null) => void"}
  Badge            {"children?":"React.ReactNode","tone?":"'neutral' | 'accent' | 'danger'"}
  NumericReadout   {"value":"number","decimals?":"number","prefix?":"string","suffix?":"string","animate?":"boolean"}
  PushButton       {"children?":"React.ReactNode","onPress":"() => void","disabled?":"boolean","tone?":"'neutral' | 'accent' | 'danger'"}
  ToggleButton     {"on":"boolean","onChange":"(on: boolean) => void","children?":"React.ReactNode","disabled?":"boolean","tone?":"'neutral' | 'accent' | 'danger'"}
  TabSelector      {"options":"{ id: string; label: string; count?: number }[]","value":"string","onChange":"(id: string) => void"}
  ItemList         {"items":"{ id: string; label: string; subtitle?: string; meta?: string; value?: number | string; locked?: boolean; expandable?: boolean; children?: { id: string; label: string; meta?: string; value?: number | string; locked?: boolean }[] }[]","value":"string | null","onChange":"(id: string) => void","expandedIds?":"string[]","onToggleExpand?":"(id: string) => void","onActivate?":"(id: string) => void"}
  EquipmentSlot    {"id":"string","item?":"{ id: string; label: string; icon?: string; rarity?: 'common' | 'uncommon' | 'rare' | 'epic' | 'legendary' }","empty?":"boolean","locked?":"boolean","selected?":"boolean","position?":"{ x: number; y: number }","onSelect?":"(id: string) => void","onHover?":"(id: string | null) => void"}
  BodyDiagram      {"children?":"EquipmentSlot","onBackgroundClick?":"() => void"}
  StatLineList     {"lines":"{ label: string; value: number | string; delta?: number; tone?: 'neutral' | 'positive' | 'negative' }[]"}
  StatTooltip      {"open":"boolean","title?":"string","lines":"{ label: string; value: number | string; delta?: number }[]","children?":"React.ReactNode"}
  Checklist        {"items":"{ id: string; label: string; done: boolean; optional?: boolean }[]","onSelect?":"(id: string) => void"}
  MapCanvas        {"src?":"string","center":"{ x: number; y: number }","zoom":"number","minZoom":"number","maxZoom":"number","onViewChange":"(view: { center: { x: number; y: number }; zoom: number }) => void","children?":"MapMarker | RouteOverlay"}
  MapMarker        {"id":"string","position":"{ x: number; y: number }","kind":"'quest' | 'poi' | 'player' | 'waypoint' | 'district'","label?":"string","active?":"boolean","heading?":"number","onSelect?":"(id: string) => void"}
  RouteOverlay     {"points":"{ x: number; y: number }[]","animated?":"boolean","tone?":"'neutral' | 'accent'"}
  ZoomPanControls  {"zoom":"number","minZoom":"number","maxZoom":"number","onZoomChange":"(zoom: number) => void","onRecenter?":"() => void"}
  KeyLegend        {"entries":"{ id: string; label: string; kind?: string }[]"}
